Godot Engine v4.7.2.stable.official.ed1daf0bf - https://godotengine.org
OpenGL API 4.1 Metal - 90.5 - Compatibility - Using Device: Apple - Apple A18 Pro

CITY_BEGIN buildings=10 entries=20 solids=182
ROUTE (-75.0, 1.0, 51.0) -> (-75.0, 1.0, 41.1) gridpoints=11
ROUTE_CORNERS [(-75.0, 1.0, 41.0), (-75.0, 1.0, 41.1)]
ROUTE (-75.0, 1.0, 41.68497) -> (-75.0, 1.0, 36.9) gridpoints=6
ROUTE_CORNERS [(-75.0, 1.0, 37.0), (-75.0, 1.0, 36.9)]
ROUTE (-75.0, 1.0, 37.54495) -> (-75.0, 1.0, 51.0) gridpoints=14
ROUTE_CORNERS [(-75.0, 1.0, 51.0), (-75.0, 1.0, 51.0)]
BUILDING_ROUTE_BEGIN B01 邻里便利店
ENTRY_DATA B01_rear outside=(-75.0, 1.0, 36.9) inside=(-75.0, 1.0, 41.1) centre=(-75.0, 1.0, 39.0) normal=(0.0, 0.0, -1.0)
ROUTE (-75.0, 1.0, 50.31) -> (-75.0, 1.0, 36.9) gridpoints=14
ROUTE_CORNERS [(-75.0, 1.0, 37.0), (-75.0, 1.0, 36.9)]
BUILDING_OUTSIDE_REACHED B01 B01_rear
ROUTE (-75.0, 1.0, 37.54495) -> (-75.0, 1.0, 41.1) gridpoints=4
ROUTE_CORNERS [(-75.0, 1.0, 41.0), (-75.0, 1.0, 41.1)]
BUILDING_INSIDE_REACHED B01
BUILDING_STATE B01 open=true layer=0 player=(-75.0, 1.0, 40.64996)
CITY_CAPTURED inside-B01
ROUTE (-75.0, 1.0, 40.64996) -> (-75.0, 1.0, 36.9) gridpoints=5
ROUTE_CORNERS [(-75.0, 1.0, 37.0), (-75.0, 1.0, 36.9)]
BUILDING_EXIT_REACHED B01
BUILDING_ROUTE_PASS B01 邻里便利店 via B01_rear
BUILDING_ROUTE_BEGIN B02 社区卫生服务站
ENTRY_DATA B02_rear outside=(-43.0, 1.0, 34.9) inside=(-43.0, 1.0, 39.1) centre=(-43.0, 1.0, 37.0) normal=(0.0, 0.0, -1.0)
ROUTE (-75.0, 1.0, 37.54495) -> (-43.0, 1.0, 34.9) gridpoints=36
ROUTE_CORNERS [(-56.0, 1.0, 38.0), (-56.0, 1.0, 36.0), (-43.0, 1.0, 36.0), (-43.0, 1.0, 35.0), (-43.0, 1.0, 34.9)]
BUILDING_OUTSIDE_REACHED B02 B02_rear
ROUTE (-43.23697, 1.0, 35.41699) -> (-43.0, 1.0, 39.1) gridpoints=5
ROUTE_CORNERS [(-43.0, 1.0, 39.0), (-43.0, 1.0, 39.1)]
BUILDING_INSIDE_REACHED B02
BUILDING_STATE B02 open=true layer=0 player=(-43.03206, 1.0, 38.51524)
CITY_CAPTURED inside-B02
ROUTE (-43.03206, 1.0, 38.51524) -> (-43.0, 1.0, 34.9) gridpoints=5
ROUTE_CORNERS [(-43.0, 1.0, 35.0), (-43.0, 1.0, 34.9)]
BUILDING_EXIT_REACHED B02
BUILDING_ROUTE_PASS B02 社区卫生服务站 via B02_rear
BUILDING_ROUTE_BEGIN B03 五金修理铺
ENTRY_DATA B03_rear outside=(-15.0, 1.0, 36.9) inside=(-15.0, 1.0, 41.1) centre=(-15.0, 1.0, 39.0) normal=(0.0, 0.0, -1.0)
ROUTE (-43.00374, 1.0, 35.41037) -> (-15.0, 1.0, 36.9) gridpoints=31
ROUTE_CORNERS [(-16.0, 1.0, 35.0), (-16.0, 1.0, 36.0), (-15.0, 1.0, 36.0), (-15.0, 1.0, 37.0), (-15.0, 1.0, 36.9)]
BUILDING_OUTSIDE_REACHED B03 B03_rear
ROUTE (-15.22782, 1.0, 36.47575) -> (-15.0, 1.0, 41.1) gridpoints=6
ROUTE_CORNERS [(-15.0, 1.0, 41.0), (-15.0, 1.0, 41.1)]
BUILDING_INSIDE_REACHED B03
BUILDING_STATE B03 open=true layer=0 player=(-15.01961, 1.0, 40.6105)
ROUTE (-15.01961, 1.0, 40.6105) -> (-15.0, 1.0, 36.9) gridpoints=5
ROUTE_CORNERS [(-15.0, 1.0, 37.0), (-15.0, 1.0, 36.9)]
BUILDING_EXIT_REACHED B03
BUILDING_ROUTE_PASS B03 五金修理铺 via B03_rear
BUILDING_ROUTE_BEGIN B04 巷口早餐店
ENTRY_DATA B04_rear outside=(10.0, 1.0, 36.9) inside=(10.0, 1.0, 41.1) centre=(10.0, 1.0, 39.0) normal=(0.0, 0.0, -1.0)
ROUTE (-15.00275, 1.0, 37.50555) -> (10.0, 1.0, 36.9) gridpoints=27
ROUTE_CORNERS [(9.0, 1.0, 38.0), (9.0, 1.0, 37.0), (10.0, 1.0, 37.0), (10.0, 1.0, 36.9)]
BUILDING_OUTSIDE_REACHED B04 B04_rear
ROUTE (9.444307, 1.0, 37.17638) -> (10.0, 1.0, 41.1) gridpoints=6
ROUTE_CORNERS [(9.0, 1.0, 38.0), (10.0, 1.0, 38.0), (10.0, 1.0, 41.0), (10.0, 1.0, 41.1)]
BUILDING_INSIDE_REACHED B04
BUILDING_STATE B04 open=true layer=0 player=(9.922861, 1.0, 40.41816)
ROUTE (9.922861, 1.0, 40.41816) -> (10.0, 1.0, 36.9) gridpoints=4
ROUTE_CORNERS [(10.0, 1.0, 37.0), (10.0, 1.0, 36.9)]
BUILDING_EXIT_REACHED B04
BUILDING_ROUTE_PASS B04 巷口早餐店 via B04_rear
BUILDING_ROUTE_BEGIN B05 青禾小区 1 栋
ENTRY_DATA B05_front outside=(-65.0, 1.0, -1.9) inside=(-65.0, 1.0, -6.1) centre=(-65.0, 1.0, -4.0) normal=(0.0, 0.0, 1.0)
ROUTE (9.99189, 1.0, 37.31392) -> (-65.0, 1.0, -1.9) gridpoints=125
ROUTE_CORNERS [(-27.0, 1.0, 37.0), (-27.0, 1.0, 35.0), (-28.0, 1.0, 35.0), (-28.0, 1.0, 34.0), (-30.0, 1.0, 34.0), (-30.0, 1.0, 33.0), (-31.0, 1.0, 33.0), (-31.0, 1.0, 32.0), (-32.0, 1.0, 32.0), (-32.0, 1.0, 30.0), (-34.0, 1.0, 30.0), (-34.0, 1.0, 29.0), (-35.0, 1.0, 29.0), (-35.0, 1.0, 27.0), (-36.0, 1.0, 27.0), (-36.0, 1.0, 26.0), (-37.0, 1.0, 26.0), (-37.0, 1.0, 25.0), (-39.0, 1.0, 25.0), (-39.0, 1.0, 23.0), (-70.0, 1.0, 23.0), (-70.0, 1.0, 2.0), (-69.0, 1.0, 2.0), (-69.0, 1.0, 1.0), (-68.0, 1.0, 1.0), (-68.0, 1.0, 0.0), (-66.0, 1.0, 0.0), (-66.0, 1.0, -2.0), (-65.0, 1.0, -2.0), (-65.0, 1.0, -1.9)]
BUILDING_OUTSIDE_REACHED B05 B05_front
ROUTE (-65.49377, 1.0, -1.789461) -> (-65.0, 1.0, -6.1) gridpoints=5
ROUTE_CORNERS [(-65.0, 1.0, -6.0), (-65.0, 1.0, -6.1)]
BUILDING_INSIDE_REACHED B05
BUILDING_STATE B05 open=true layer=0 player=(-65.05176, 1.0, -5.558633)
CITY_CAPTURED inside-B05
ROUTE (-65.05176, 1.0, -5.558633) -> (-65.0, 1.0, -1.9) gridpoints=5
ROUTE_CORNERS [(-65.0, 1.0, -2.0), (-65.0, 1.0, -1.9)]
BUILDING_EXIT_REACHED B05
BUILDING_ROUTE_PASS B05 青禾小区 1 栋 via B05_front
BUILDING_ROUTE_BEGIN B06 青禾小区 2 栋
ENTRY_DATA B06_rear outside=(-62.0, 1.0, -68.1) inside=(-62.0, 1.0, -63.9) centre=(-62.0, 1.0, -66.0) normal=(0.0, 0.0, -1.0)
ROUTE (-65.0066, 1.0, -2.453961) -> (-62.0, 1.0, -68.1) gridpoints=104
ROUTE_CORNERS [(-65.0, 1.0, -3.0), (-82.0, 1.0, -3.0), (-82.0, 1.0, -49.0), (-80.0, 1.0, -49.0), (-80.0, 1.0, -51.0), (-79.0, 1.0, -51.0), (-79.0, 1.0, -52.0), (-78.0, 1.0, -52.0), (-78.0, 1.0, -67.0), (-63.0, 1.0, -67.0), (-63.0, 1.0, -68.0), (-62.0, 1.0, -68.0), (-62.0, 1.0, -68.1)]
BUILDING_OUTSIDE_REACHED B06 B06_rear
ROUTE (-62.56717, 1.0, -67.81009) -> (-62.0, 1.0, -63.9) gridpoints=6
ROUTE_CORNERS [(-63.0, 1.0, -67.0), (-62.0, 1.0, -67.0), (-62.0, 1.0, -64.0), (-62.0, 1.0, -63.9)]
BUILDING_INSIDE_REACHED B06
BUILDING_STATE B06 open=true layer=0 player=(-62.0774, 1.0, -64.57404)
ROUTE (-62.0774, 1.0, -64.57404) -> (-62.0, 1.0, -68.1) gridpoints=4
ROUTE_CORNERS [(-62.0, 1.0, -68.0), (-62.0, 1.0, -68.1)]
BUILDING_EXIT_REACHED B06
BUILDING_ROUTE_PASS B06 青禾小区 2 栋 via B06_rear
BUILDING_ROUTE_BEGIN B07 青禾小区 3 栋
ENTRY_DATA B07_front outside=(51.0, 1.0, -33.9) inside=(51.0, 1.0, -38.1) centre=(51.0, 1.0, -36.0) normal=(0.0, 0.0, 1.0)
ROUTE (-62.00829, 1.0, -67.67825) -> (51.0, 1.0, -33.9) gridpoints=148
ROUTE_CORNERS [(17.0, 1.0, -68.0), (17.0, 1.0, -67.0), (19.0, 1.0, -67.0), (19.0, 1.0, -66.0), (20.0, 1.0, -66.0), (20.0, 1.0, -64.0), (21.0, 1.0, -64.0), (21.0, 1.0, -63.0), (23.0, 1.0, -63.0), (23.0, 1.0, -61.0), (25.0, 1.0, -61.0), (25.0, 1.0, -59.0), (26.0, 1.0, -59.0), (26.0, 1.0, -58.0), (27.0, 1.0, -58.0), (27.0, 1.0, -57.0), (29.0, 1.0, -57.0), (29.0, 1.0, -55.0), (30.0, 1.0, -55.0), (30.0, 1.0, -54.0), (32.0, 1.0, -54.0), (32.0, 1.0, -53.0), (33.0, 1.0, -53.0), (33.0, 1.0, -52.0), (34.0, 1.0, -52.0), (34.0, 1.0, -51.0), (35.0, 1.0, -51.0), (35.0, 1.0, -49.0), (36.0, 1.0, -49.0), (36.0, 1.0, -48.0), (38.0, 1.0, -48.0), (38.0, 1.0, -35.0), (51.0, 1.0, -35.0), (51.0, 1.0, -34.0), (51.0, 1.0, -33.9)]
BUILDING_OUTSIDE_REACHED B07 B07_front
ROUTE (50.74679, 1.0, -34.42622) -> (51.0, 1.0, -38.1) gridpoints=5
ROUTE_CORNERS [(51.0, 1.0, -38.0), (51.0, 1.0, -38.1)]
BUILDING_INSIDE_REACHED B07
BUILDING_STATE B07 open=true layer=0 player=(50.96624, 1.0, -37.52347)
CITY_CAPTURED inside-B07
ROUTE (50.96624, 1.0, -37.52347) -> (51.0, 1.0, -33.9) gridpoints=5
ROUTE_CORNERS [(51.0, 1.0, -34.0), (51.0, 1.0, -33.9)]
BUILDING_EXIT_REACHED B07
BUILDING_ROUTE_PASS B07 青禾小区 3 栋 via B07_front
BUILDING_ROUTE_BEGIN B08 社区活动与物业
ENTRY_DATA B08_rear outside=(-5.0, 1.0, -32.1) inside=(-5.0, 1.0, -27.9) centre=(-5.0, 1.0, -30.0) normal=(0.0, 0.0, -1.0)
ROUTE (50.99599, 1.0, -34.41859) -> (-5.0, 1.0, -32.1) gridpoints=59
ROUTE_CORNERS [(-3.0, 1.0, -34.0), (-3.0, 1.0, -33.0), (-4.0, 1.0, -33.0), (-4.0, 1.0, -32.0), (-5.0, 1.0, -32.0), (-5.0, 1.0, -32.1)]
BUILDING_OUTSIDE_REACHED B08 B08_rear
ROUTE (-4.374638, 1.0, -32.27498) -> (-5.0, 1.0, -27.9) gridpoints=6
ROUTE_CORNERS [(-4.0, 1.0, -31.0), (-5.0, 1.0, -31.0), (-5.0, 1.0, -28.0), (-5.0, 1.0, -27.9)]
BUILDING_INSIDE_REACHED B08
BUILDING_STATE B08 open=true layer=0 player=(-4.938895, 1.0, -28.33916)
ROUTE (-4.938895, 1.0, -28.33916) -> (-5.0, 1.0, -32.1) gridpoints=5
ROUTE_CORNERS [(-5.0, 1.0, -32.0), (-5.0, 1.0, -32.1)]
BUILDING_EXIT_REACHED B08
BUILDING_ROUTE_PASS B08 社区活动与物业 via B08_rear
BUILDING_ROUTE_BEGIN B09 便民菜店
ENTRY_DATA B09_rear outside=(65.0, 1.0, 30.9) inside=(65.0, 1.0, 35.1) centre=(65.0, 1.0, 33.0) normal=(0.0, 0.0, -1.0)
ROUTE (-4.990716, 1.0, -31.44373) -> (65.0, 1.0, 30.9) gridpoints=133
ROUTE_CORNERS [(7.0, 1.0, -31.0), (7.0, 1.0, -27.0), (8.0, 1.0, -27.0), (8.0, 1.0, -26.0), (9.0, 1.0, -26.0), (9.0, 1.0, -24.0), (11.0, 1.0, -24.0), (11.0, 1.0, -23.0), (12.0, 1.0, -23.0), (12.0, 1.0, -21.0), (13.0, 1.0, -21.0), (13.0, 1.0, -20.0), (14.0, 1.0, -20.0), (14.0, 1.0, -19.0), (16.0, 1.0, -19.0), (16.0, 1.0, -17.0), (18.0, 1.0, -17.0), (18.0, 1.0, -15.0), (19.0, 1.0, -15.0), (19.0, 1.0, -14.0), (20.0, 1.0, -14.0), (20.0, 1.0, -13.0), (21.0, 1.0, -13.0), (21.0, 1.0, -12.0), (22.0, 1.0, -12.0), (22.0, 1.0, -11.0), (24.0, 1.0, -11.0), (24.0, 1.0, -9.0), (26.0, 1.0, -9.0), (26.0, 1.0, 23.0), (58.0, 1.0, 23.0), (58.0, 1.0, 25.0), (60.0, 1.0, 25.0), (60.0, 1.0, 26.0), (61.0, 1.0, 26.0), (61.0, 1.0, 27.0), (62.0, 1.0, 27.0), (62.0, 1.0, 29.0), (64.0, 1.0, 29.0), (64.0, 1.0, 31.0), (65.0, 1.0, 31.0), (65.0, 1.0, 30.9)]
BUILDING_OUTSIDE_REACHED B09 B09_rear
ROUTE (64.52708, 1.0, 30.80221) -> (65.0, 1.0, 35.1) gridpoints=5
ROUTE_CORNERS [(65.0, 1.0, 35.0), (65.0, 1.0, 35.1)]
BUILDING_INSIDE_REACHED B09
BUILDING_STATE B09 open=true layer=0 player=(64.95193, 1.0, 34.57335)
ROUTE (64.95193, 1.0, 34.57335) -> (65.0, 1.0, 30.9) gridpoints=5
ROUTE_CORNERS [(65.0, 1.0, 31.0), (65.0, 1.0, 30.9)]
BUILDING_EXIT_REACHED B09
BUILDING_ROUTE_PASS B09 便民菜店 via B09_rear
BUILDING_ROUTE_BEGIN B10 邻里快递驿站
ENTRY_DATA B10_rear outside=(64.0, 1.0, -10.1) inside=(64.0, 1.0, -5.9) centre=(64.0, 1.0, -8.0) normal=(0.0, 0.0, -1.0)
ROUTE (64.99369, 1.0, 31.46862) -> (64.0, 1.0, -10.1) gridpoints=87
ROUTE_CORNERS [(65.0, 1.0, 23.0), (87.0, 1.0, 23.0), (87.0, 1.0, 13.0), (86.0, 1.0, 13.0), (86.0, 1.0, 12.0), (85.0, 1.0, 12.0), (85.0, 1.0, 11.0), (84.0, 1.0, 11.0), (84.0, 1.0, 9.0), (82.0, 1.0, 9.0), (82.0, 1.0, 8.0), (81.0, 1.0, 8.0), (81.0, 1.0, 7.0), (80.0, 1.0, 7.0), (80.0, 1.0, 6.0), (79.0, 1.0, 6.0), (79.0, 1.0, 5.0), (78.0, 1.0, 5.0), (78.0, 1.0, 3.0), (77.0, 1.0, 3.0), (77.0, 1.0, 2.0), (76.0, 1.0, 2.0), (76.0, 1.0, -9.0), (65.0, 1.0, -9.0), (65.0, 1.0, -10.0), (64.0, 1.0, -10.0), (64.0, 1.0, -10.1)]
BUILDING_OUTSIDE_REACHED B10 B10_rear
ROUTE (64.52135, 1.0, -9.827533) -> (64.0, 1.0, -5.9) gridpoints=6
ROUTE_CORNERS [(65.0, 1.0, -9.0), (64.0, 1.0, -9.0), (64.0, 1.0, -6.0), (64.0, 1.0, -5.9)]
BUILDING_INSIDE_REACHED B10
BUILDING_STATE B10 open=true layer=0 player=(64.07352, 1.0, -6.581584)
ROUTE (64.07352, 1.0, -6.581584) -> (64.0, 1.0, -10.1) gridpoints=4
ROUTE_CORNERS [(64.0, 1.0, -10.0), (64.0, 1.0, -10.1)]
BUILDING_EXIT_REACHED B10
BUILDING_ROUTE_PASS B10 邻里快递驿站 via B10_rear
ROUTE (64.00774, 1.0, -9.685886) -> (-75.0, 1.0, 51.0) gridpoints=201
ROUTE_CORNERS [(18.0, 1.0, -10.0), (18.0, 1.0, 23.0), (-47.0, 1.0, 23.0), (-47.0, 1.0, 24.0), (-49.0, 1.0, 24.0), (-49.0, 1.0, 26.0), (-50.0, 1.0, 26.0), (-50.0, 1.0, 27.0), (-52.0, 1.0, 27.0), (-52.0, 1.0, 29.0), (-54.0, 1.0, 29.0), (-54.0, 1.0, 30.0), (-55.0, 1.0, 30.0), (-55.0, 1.0, 32.0), (-56.0, 1.0, 32.0), (-56.0, 1.0, 33.0), (-58.0, 1.0, 33.0), (-58.0, 1.0, 35.0), (-60.0, 1.0, 35.0), (-60.0, 1.0, 36.0), (-61.0, 1.0, 36.0), (-61.0, 1.0, 37.0), (-62.0, 1.0, 37.0), (-62.0, 1.0, 38.0), (-75.0, 1.0, 38.0), (-75.0, 1.0, 51.0), (-75.0, 1.0, 51.0)]
ROUTE (-74.98249, 1.0, 50.40064) -> (-75.0, 1.0, 36.9) gridpoints=14
ROUTE_CORNERS [(-75.0, 1.0, 37.0), (-75.0, 1.0, 36.9)]
CITY_CAPTURED door-normal
DOOR_STATE_PASS normal B01_rear E 关闭 邻里便利店后门
ROUTE (-75.0, 1.0, 51.0) -> (-15.0, 1.0, 59.1) gridpoints=95
ROUTE_CORNERS [(-75.0, 1.0, 38.0), (-56.0, 1.0, 38.0), (-56.0, 1.0, 58.0), (-16.0, 1.0, 58.0), (-16.0, 1.0, 59.0), (-15.0, 1.0, 59.0), (-15.0, 1.0, 59.1)]
CITY_CAPTURED door-locked
DOOR_STATE_PASS locked B03_front 五金修理铺正门：上锁，请寻找另一入口
ROUTE (-75.0, 1.0, 51.0) -> (10.0, 1.0, 59.1) gridpoints=120
ROUTE_CORNERS [(-75.0, 1.0, 38.0), (-56.0, 1.0, 38.0), (-56.0, 1.0, 58.0), (8.0, 1.0, 58.0), (8.0, 1.0, 59.0), (10.0, 1.0, 59.0), (10.0, 1.0, 59.1)]
CITY_CAPTURED door-blocked
DOOR_STATE_PASS blocked B04_front 巷口早餐店正门：堵塞，请寻找另一入口
ROUTE (-75.0, 1.0, 51.0) -> (-62.0, 1.0, -45.9) gridpoints=127
ROUTE_CORNERS [(-75.0, 1.0, 23.0), (-74.0, 1.0, 23.0), (-74.0, 1.0, -3.0), (-82.0, 1.0, -3.0), (-82.0, 1.0, -27.0), (-80.0, 1.0, -27.0), (-80.0, 1.0, -28.0), (-79.0, 1.0, -28.0), (-79.0, 1.0, -30.0), (-77.0, 1.0, -30.0), (-77.0, 1.0, -31.0), (-76.0, 1.0, -31.0), (-76.0, 1.0, -33.0), (-74.0, 1.0, -33.0), (-74.0, 1.0, -35.0), (-73.0, 1.0, -35.0), (-73.0, 1.0, -36.0), (-72.0, 1.0, -36.0), (-72.0, 1.0, -37.0), (-70.0, 1.0, -37.0), (-70.0, 1.0, -38.0), (-69.0, 1.0, -38.0), (-69.0, 1.0, -40.0), (-67.0, 1.0, -40.0), (-67.0, 1.0, -41.0), (-66.0, 1.0, -41.0), (-66.0, 1.0, -43.0), (-65.0, 1.0, -43.0), (-65.0, 1.0, -44.0), (-64.0, 1.0, -44.0), (-64.0, 1.0, -45.0), (-63.0, 1.0, -45.0), (-63.0, 1.0, -46.0), (-62.0, 1.0, -46.0), (-62.0, 1.0, -45.9)]
CITY_CAPTURED door-damaged
DOOR_STATE_PASS damaged B06_front 青禾小区 2 栋正门：损坏，可通行、无法关闭
ROUTE (-75.0, 1.0, 51.0) -> (22.0, 1.0, 10.0) gridpoints=139
ROUTE_CORNERS [(-75.0, 1.0, 38.0), (-70.0, 1.0, 38.0), (-70.0, 1.0, 21.0), (12.0, 1.0, 21.0), (12.0, 1.0, 19.0), (13.0, 1.0, 19.0), (13.0, 1.0, 18.0), (14.0, 1.0, 18.0), (14.0, 1.0, 17.0), (15.0, 1.0, 17.0), (15.0, 1.0, 16.0), (17.0, 1.0, 16.0), (17.0, 1.0, 14.0), (18.0, 1.0, 14.0), (18.0, 1.0, 13.0), (19.0, 1.0, 13.0), (19.0, 1.0, 12.0), (20.0, 1.0, 12.0), (20.0, 1.0, 11.0), (21.0, 1.0, 11.0), (21.0, 1.0, 10.0), (22.0, 1.0, 10.0), (22.0, 1.0, 10.0)]
CITY_CAPTURED overview-00
CITY_CAPTURED overview-04
CITY_CAPTURED overview-08
CITY_CAPTURED overview-12
CAMERA_720_PASS actual=719.999576528271
CITY_CAPTURED pitch-25
CITY_CAPTURED pitch-75
CAMERA_PITCH_HOME_PASS 25 / 75 / 43
CAMERA_W_PASS 0 actual yaw=89.9908705415579
CAMERA_W_PASS 1 actual yaw=134.990834227756
CAMERA_W_PASS 2 actual yaw=179.991043800765
CAMERA_W_PASS 3 actual yaw=-135.009166455489
CAMERA_W_PASS 4 actual yaw=-90.0091686183443
CAMERA_W_PASS 5 actual yaw=-45.0091673661052
CAMERA_W_PASS 6 actual yaw=-0.00917006757185
CAMERA_W_PASS 7 actual yaw=44.9909649119672
ROUTE (21.36961, 1.0, 10.30011) -> (51.0, 1.0, -33.9) gridpoints=75
ROUTE_CORNERS [(21.0, 1.0, -5.0), (23.0, 1.0, -5.0), (23.0, 1.0, -6.0), (24.0, 1.0, -6.0), (24.0, 1.0, -8.0), (25.0, 1.0, -8.0), (25.0, 1.0, -9.0), (26.0, 1.0, -9.0), (26.0, 1.0, -10.0), (27.0, 1.0, -10.0), (27.0, 1.0, -11.0), (29.0, 1.0, -11.0), (29.0, 1.0, -12.0), (30.0, 1.0, -12.0), (30.0, 1.0, -14.0), (31.0, 1.0, -14.0), (31.0, 1.0, -15.0), (32.0, 1.0, -15.0), (32.0, 1.0, -16.0), (33.0, 1.0, -16.0), (33.0, 1.0, -17.0), (35.0, 1.0, -17.0), (35.0, 1.0, -18.0), (36.0, 1.0, -18.0), (36.0, 1.0, -19.0), (37.0, 1.0, -19.0), (37.0, 1.0, -21.0), (39.0, 1.0, -21.0), (39.0, 1.0, -23.0), (40.0, 1.0, -23.0), (40.0, 1.0, -24.0), (41.0, 1.0, -24.0), (41.0, 1.0, -25.0), (43.0, 1.0, -25.0), (43.0, 1.0, -26.0), (44.0, 1.0, -26.0), (44.0, 1.0, -28.0), (45.0, 1.0, -28.0), (45.0, 1.0, -29.0), (46.0, 1.0, -29.0), (46.0, 1.0, -30.0), (47.0, 1.0, -30.0), (47.0, 1.0, -31.0), (49.0, 1.0, -31.0), (49.0, 1.0, -32.0), (50.0, 1.0, -32.0), (50.0, 1.0, -33.0), (51.0, 1.0, -33.0), (51.0, 1.0, -34.0), (51.0, 1.0, -33.9)]
ROUTE (50.85646, 1.0, -33.50557) -> (51.0, 1.0, -38.1) gridpoints=5
ROUTE_CORNERS [(51.0, 1.0, -38.0), (51.0, 1.0, -38.1)]
ROUTE (50.98862, 1.0, -37.64348) -> (51.0, 1.0, -39.0) gridpoints=2
ROUTE_CORNERS [(51.0, 1.0, -39.0), (51.0, 1.0, -39.0)]
CITY_CAPTURED occlusion-tower
ROUTE (50.99441, 1.0, -38.33346) -> (51.0, 1.0, -33.9) gridpoints=5
ROUTE_CORNERS [(51.0, 1.0, -34.0), (51.0, 1.0, -33.9)]
ROUTE (50.99931, 1.0, -34.53844) -> (22.0, 1.0, 10.0) gridpoints=75
ROUTE_CORNERS [(51.0, 1.0, -19.0), (50.0, 1.0, -19.0), (50.0, 1.0, -18.0), (49.0, 1.0, -18.0), (49.0, 1.0, -17.0), (48.0, 1.0, -17.0), (48.0, 1.0, -15.0), (47.0, 1.0, -15.0), (47.0, 1.0, -14.0), (45.0, 1.0, -14.0), (45.0, 1.0, -12.0), (43.0, 1.0, -12.0), (43.0, 1.0, -11.0), (42.0, 1.0, -11.0), (42.0, 1.0, -9.0), (41.0, 1.0, -9.0), (41.0, 1.0, -8.0), (39.0, 1.0, -8.0), (39.0, 1.0, -6.0), (38.0, 1.0, -6.0), (38.0, 1.0, -5.0), (37.0, 1.0, -5.0), (37.0, 1.0, -4.0), (35.0, 1.0, -4.0), (35.0, 1.0, -2.0), (33.0, 1.0, -2.0), (33.0, 1.0, 0.0), (32.0, 1.0, 0.0), (32.0, 1.0, 1.0), (31.0, 1.0, 1.0), (31.0, 1.0, 2.0), (30.0, 1.0, 2.0), (30.0, 1.0, 3.0), (28.0, 1.0, 3.0), (28.0, 1.0, 5.0), (26.0, 1.0, 5.0), (26.0, 1.0, 7.0), (25.0, 1.0, 7.0), (25.0, 1.0, 8.0), (23.0, 1.0, 8.0), (23.0, 1.0, 10.0), (22.0, 1.0, 10.0), (22.0, 1.0, 10.0)]
CITY_OCCLUSION_RESTORE_PASS surfaces=1
ROUTE (22.4638, 1.0, 9.815613) -> (-80.0, 1.0, 61.0) gridpoints=154
ROUTE_CORNERS [(18.0, 1.0, 10.0), (18.0, 1.0, 23.0), (-43.0, 1.0, 23.0), (-43.0, 1.0, 24.0), (-44.0, 1.0, 24.0), (-44.0, 1.0, 25.0), (-45.0, 1.0, 25.0), (-45.0, 1.0, 26.0), (-46.0, 1.0, 26.0), (-46.0, 1.0, 28.0), (-48.0, 1.0, 28.0), (-48.0, 1.0, 29.0), (-49.0, 1.0, 29.0), (-49.0, 1.0, 30.0), (-50.0, 1.0, 30.0), (-50.0, 1.0, 32.0), (-52.0, 1.0, 32.0), (-52.0, 1.0, 33.0), (-53.0, 1.0, 33.0), (-53.0, 1.0, 35.0), (-54.0, 1.0, 35.0), (-54.0, 1.0, 36.0), (-56.0, 1.0, 36.0), (-56.0, 1.0, 37.0), (-57.0, 1.0, 37.0), (-57.0, 1.0, 38.0), (-58.0, 1.0, 38.0), (-58.0, 1.0, 40.0), (-59.0, 1.0, 40.0), (-59.0, 1.0, 41.0), (-61.0, 1.0, 41.0), (-61.0, 1.0, 42.0), (-62.0, 1.0, 42.0), (-62.0, 1.0, 44.0), (-63.0, 1.0, 44.0), (-63.0, 1.0, 45.0), (-65.0, 1.0, 45.0), (-65.0, 1.0, 46.0), (-66.0, 1.0, 46.0), (-66.0, 1.0, 58.0), (-77.0, 1.0, 58.0), (-77.0, 1.0, 59.0), (-78.0, 1.0, 59.0), (-78.0, 1.0, 60.0), (-79.0, 1.0, 60.0), (-79.0, 1.0, 61.0), (-80.0, 1.0, 61.0), (-80.0, 1.0, 61.0)]
CITY_CAPTURED road-crossing
ROUTE (-79.45695, 1.0, 60.75683) -> (-75.0, 1.0, 51.0) gridpoints=51
ROUTE_CORNERS [(-79.0, 1.0, 58.0), (-84.0, 1.0, 58.0), (-84.0, 1.0, 38.0), (-75.0, 1.0, 38.0), (-75.0, 1.0, 51.0), (-75.0, 1.0, 51.0)]
ROUTE (-75.01643, 1.0, 50.43089) -> (-43.0, 1.0, 59.1) gridpoints=66
ROUTE_CORNERS [(-75.0, 1.0, 38.0), (-63.0, 1.0, 38.0), (-63.0, 1.0, 40.0), (-61.0, 1.0, 40.0), (-61.0, 1.0, 41.0), (-60.0, 1.0, 41.0), (-60.0, 1.0, 42.0), (-59.0, 1.0, 42.0), (-59.0, 1.0, 44.0), (-58.0, 1.0, 44.0), (-58.0, 1.0, 45.0), (-56.0, 1.0, 45.0), (-56.0, 1.0, 58.0), (-43.0, 1.0, 58.0), (-43.0, 1.0, 59.0), (-43.0, 1.0, 59.1)]
ROUTE (-43.25043, 1.0, 58.57626) -> (-43.0, 1.0, 54.9) gridpoints=5
ROUTE_CORNERS [(-43.0, 1.0, 55.0), (-43.0, 1.0, 54.9)]
ROUTE (-43.03353, 1.0, 55.47884) -> (-50.0, 1.0, 43.3) gridpoints=20
ROUTE_CORNERS [(-43.0, 1.0, 50.0), (-44.0, 1.0, 50.0), (-44.0, 1.0, 43.0), (-50.0, 1.0, 43.0), (-50.0, 1.0, 43.3)]
ROUTE (-49.4868, 1.0, 43.03269) -> (-43.0, 1.0, 59.1) gridpoints=23
ROUTE_CORNERS [(-44.0, 1.0, 43.0), (-44.0, 1.0, 56.0), (-43.0, 1.0, 56.0), (-43.0, 1.0, 59.0), (-43.0, 1.0, 59.1)]
ROUTE (-43.06416, 1.0, 58.50243) -> (-71.0, 1.0, 51.0) gridpoints=71
ROUTE_CORNERS [(-63.0, 1.0, 59.0), (-63.0, 1.0, 58.0), (-64.0, 1.0, 58.0), (-64.0, 1.0, 57.0), (-65.0, 1.0, 57.0), (-65.0, 1.0, 56.0), (-66.0, 1.0, 56.0), (-66.0, 1.0, 38.0), (-75.0, 1.0, 38.0), (-75.0, 1.0, 47.0), (-74.0, 1.0, 47.0), (-74.0, 1.0, 49.0), (-73.0, 1.0, 49.0), (-73.0, 1.0, 50.0), (-71.0, 1.0, 50.0), (-71.0, 1.0, 51.0), (-71.0, 1.0, 51.0)]
CITY_MEDICINE_ROUTE_PASS seconds=10.4333333333327 physical_steps=5667
CITY_ALL_PASS
